2025-11-03 19:02:31 - CONEXIÓN INFO
Base de datos activa: lumen_academico_pdm
---
2025-11-03 19:02:32 - authenticate() called
Email buscado: mariarestrepo77@gmail.com
Rows retornadas: 1
User found: YES
User ID: 1, Email en BD: mariarestrepo77@gmail.com
---
Password verify: TRUE
=============================
2025-11-03 19:50:50 - CONEXIÓN INFO
Base de datos activa: genialisis-wallet-prod
---
2025-11-03 19:50:50 - authenticate() called
Email buscado: mariarestrepo77@gmail.com
Rows retornadas: 1
User found: YES
User ID: 1, Email en BD: mariarestrepo77@gmail.com
---
Password verify: TRUE
=============================
2025-11-03 19:58:10 - CONEXIÓN INFO
Base de datos activa: genialisis-wallet-prod
---
2025-11-03 19:58:10 - authenticate() called
Email buscado: mariarestrepo77@gmail.com
Rows retornadas: 1
User found: YES
User ID: 1, Email en BD: mariarestrepo77@gmail.com
---
Password verify: TRUE
=============================
2025-11-03 20:08:18 - CONEXIÓN INFO
Base de datos activa: genialisis-wallet-prod
---
2025-11-03 20:08:18 - authenticate() called
Email buscado: mariarestrepo77@gmail.com
Rows retornadas: 1
User found: YES
User ID: 1, Email en BD: mariarestrepo77@gmail.com
---
Password verify: TRUE
=============================
2025-11-19 20:24:21 - CONEXIÓN INFO
Base de datos activa: genialisis-wallet-prod
---
2025-11-19 20:24:22 - authenticate() called
Email buscado: mariarestrepo77@gmail.com
Rows retornadas: 1
User found: YES
User ID: 1, Email en BD: mariarestrepo77@gmail.com
---
Password verify: TRUE
=============================
2025-11-19 22:22:10 - CONEXIÓN INFO
Base de datos activa: genialisis-wallet-prod
---
2025-11-19 22:22:10 - authenticate() called
Email buscado: mariarestrepo77@gmail.com
Rows retornadas: 1
User found: YES
User ID: 1, Email en BD: mariarestrepo77@gmail.com
---
Password verify: FALSE
=============================
2025-11-19 22:22:19 - CONEXIÓN INFO
Base de datos activa: genialisis-wallet-prod
---
2025-11-19 22:22:20 - authenticate() called
Email buscado: mariarestrepo77@gmail.com
Rows retornadas: 1
User found: YES
User ID: 1, Email en BD: mariarestrepo77@gmail.com
---
Password verify: FALSE
=============================
2025-11-19 22:25:21 - CONEXIÓN INFO
Base de datos activa: genialisis-wallet-prod
---
2025-11-19 22:25:21 - authenticate() called
Email buscado: mariarestrepo77@gmail.com
Rows retornadas: 1
User found: YES
User ID: 1, Email en BD: mariarestrepo77@gmail.com
---
Password verify: FALSE
=============================
2025-11-19 22:29:24 - CONEXIÓN INFO
Base de datos activa: genialisis-wallet-qa
---
2025-11-19 22:29:24 - authenticate() called
Email buscado: mariarestrepo77@gmail.com
Rows retornadas: 1
User found: YES
User ID: 1, Email en BD: mariarestrepo77@gmail.com
---
Password verify: FALSE
=============================
2025-11-19 22:30:53 - CONEXIÓN INFO
Base de datos activa: genialisis-wallet-qa
---
2025-11-19 22:30:53 - authenticate() called
Email buscado: mariarestrepo77@gmail.com
Rows retornadas: 1
User found: YES
User ID: 1, Email en BD: mariarestrepo77@gmail.com
---
Password verify: TRUE
=============================
2025-11-20 03:16:02 - CONEXIÓN INFO
Base de datos activa: genialisis-wallet-qa
---
2025-11-20 03:16:02 - authenticate() called
Email buscado: mariarestrepo77@gmail.com
Rows retornadas: 1
User found: YES
User ID: 1, Email en BD: mariarestrepo77@gmail.com
---
Password verify: TRUE
=============================
2025-11-20 03:24:51 - CONEXIÓN INFO
Base de datos activa: genialisis-wallet-qa
---
2025-11-20 03:24:51 - authenticate() called
Email buscado: mariarestrepo77@gmail.com
Rows retornadas: 1
User found: YES
User ID: 1, Email en BD: mariarestrepo77@gmail.com
---
Password verify: TRUE
=============================
2025-11-24 22:57:18 - CONEXIÓN INFO
Base de datos activa: genialisis-wallet-qa
---
2025-11-24 22:57:19 - authenticate() called
Email buscado: mariarestrepo77@gmail.com
Rows retornadas: 1
User found: YES
User ID: 1, Email en BD: mariarestrepo77@gmail.com
---
Password verify: TRUE
=============================
